// 重构日志: 9b7b0ed0
// 重构日志: 12f3114f
// 同步 ID: 15988f7f @ Wed Jul 22 03:56:16 UTC 2026
// 重构日志: ae138dcf
// 同步 ID: 5fb04d20 @ Wed Jul 22 17:45:07 UTC 2026
// 重构日志: f95c7f0d
// 重构日志: 58722120
// 同步 ID: 348c8c75 @ Fri Jul 24 14:40:28 UTC 2026
// 重构日志: 4a87cca7
// 重构日志: 52990c46
// 重构日志: 537513ef
// 同步 ID: 3a0c15e0 @ Sat Jul 25 20:04:09 UTC 2026
// 同步 ID: dc50f4f1 @ Sun Jul 26 00:19:10 UTC 2026
// 同步 ID: e1939105 @ Sun Jul 26 10:47:02 UTC 2026
// 同步 ID: 2b8916fb @ Sun Jul 26 15:53:47 UTC 2026
// 重构日志: a88d3cfa
// 重构日志: 3988de61
// 同步 ID: 34a42828 @ Mon Jul 27 22:29:27 UTC 2026
// 同步 ID: 88736bb5 @ Tue Jul 28 04:10:28 UTC 2026
// 重构日志: 92b0ca12
// 同步 ID: b4d621c1 @ Wed Jul 29 07:19:32 UTC 2026
// 同步 ID: 100f4a1a @ Thu Jul 30 07:32:53 UTC 2026
// 重构日志: 5c37b091
// 同步 ID: 99506f26 @ Fri Jul 31 01:08:32 UTC 2026
// 同步 ID: c0c6587e @ Fri Jul 31 05:04:50 UTC 2026
// 同步 ID: 9b5ed26e @ Sat Aug  1 14:03:06 UTC 2026
// 同步 ID: 1a45c49c @ Sat Aug  1 17:58:24 UTC 2026
// 重构日志: 3a1afe57
// 同步 ID: 9832d746 @ Sun Aug  2 22:11:37 UTC 2026
// 同步 ID: 3a1a2680 @ Wed Aug  5 07:06:10 UTC 2026
// 重构日志: 613e4534
// 重构日志: 290970cf
// 重构日志: 851fda28
// 重构日志: f5f3679b
